[dotenv@17.2.3] injecting env (10) from .env -- tip: ΓÜÖ∩╕Å  enable debug logging with { debug: true }
node.exe : (node:21692) NOTE: The AWS SDK for JavaScript (v2) is in maintenance mode.
At C:\Program Files\nodejs\npx.ps1:29 char:3
+   & $NODE_EXE $NPX_CLI_JS $args
+   ~~~~~~~~~~~~~~~~~~~~~~~~~~~~~
    + CategoryInfo          : NotSpecified: ((node:21692) NO...intenance mode.:String) [], RemoteException
    + FullyQualifiedErrorId : NativeCommandError
 
 SDK releases are limited to address critical bug fixes and security issues only.

Please migrate your code to use AWS SDK for JavaScript (v3).
For more information, check the blog post at https://a.co/cUPnyil
(Use `node --trace-warnings ...` to show where the warning was created)

Running 11 tests using 3 workers

[dotenv@17.2.3] injecting env (0) from .env -- tip: ΓÜÖ∩╕Å  specify custom .env file path with { path: '/custom/path/.env' }
[dotenv@17.2.3] injecting env (0) from .env -- tip: ≡ƒùé∩╕Å backup and recover secrets: https://dotenvx.com/ops
[dotenv@17.2.3] injecting env (0) from .env -- tip: ΓÜÖ∩╕Å  write to custom object with { processEnv: myObject }
(node:8396) NOTE: The AWS SDK for JavaScript (v2) is in maintenance mode.
 SDK releases are limited to address critical bug fixes and security issues only.

Please migrate your code to use AWS SDK for JavaScript (v3).
For more information, check the blog post at https://a.co/cUPnyil
(Use `node --trace-warnings ...` to show where the warning was created)
(node:2300) NOTE: The AWS SDK for JavaScript (v2) is in maintenance mode.
 SDK releases are limited to address critical bug fixes and security issues only.

Please migrate your code to use AWS SDK for JavaScript (v3).
For more information, check the blog post at https://a.co/cUPnyil
(Use `node --trace-warnings ...` to show where the warning was created)
(node:20660) NOTE: The AWS SDK for JavaScript (v2) is in maintenance mode.
 SDK releases are limited to address critical bug fixes and security issues only.

Please migrate your code to use AWS SDK for JavaScript (v3).
For more information, check the blog post at https://a.co/cUPnyil
(Use `node --trace-warnings ...` to show where the warning was created)
[Worker 0] Launched Chromium (headless: true)
[Worker 2] Launched Chromium (headless: true)
[Worker 1] Launched Chromium (headless: true)
[Worker 0] Created persistent context
[Worker 2] Created persistent context
[Worker 1] Created persistent context
[Worker 1] Created new page for test
[Worker 0] Created new page for test
[Worker 1] [TEST START] Verify contact creation as a case manager at 2025-12-11T08:53:10.294Z
[Worker 0] [TEST START] Verify case creation as a case manager at 2025-12-11T08:53:10.295Z
[Worker 2] Created new page for test
[Worker 2] [TEST START] Login as Case Manager and verify successful login at 2025-12-11T08:53:10.285Z
[beforeEach] Navigating to https://orgfarm-4a2ccda1cd-dev-ed.develop.lightning.force.com
[beforeEach] Navigating to https://orgfarm-4a2ccda1cd-dev-ed.develop.lightning.force.com
[beforeEach] Navigating to https://orgfarm-4a2ccda1cd-dev-ed.develop.lightning.force.com
[POM-Fixture] Creating LoginPage for worker 0 (test: Verify case creation as a case manager)
[POM-Fixture] Creating LoginPage for worker 2 (test: Login as Case Manager and verify successful login)
[POM-Fixture] Creating LoginPage for worker 1 (test: Verify contact creation as a case manager)
[Worker 0] [TEST END] Verify case creation as a case manager - FAILED (3s)
[afterEach] Test failed, capturing screenshot: test-results/failure-Verify-case-creation-as-a-case-manager-1765443193153.png
[Worker 2] [TEST END] Login as Case Manager and verify successful login - FAILED (3s)
[Worker 1] [TEST END] Verify contact creation as a case manager - FAILED (3s)
[afterEach] Test failed, capturing screenshot: test-results/failure-Login-as-Case-Manager-and-verify-successful-login-1765443193143.png
[afterEach] Test failed, capturing screenshot: test-results/failure-Verify-contact-creation-as-a-case-manager-1765443193157.png
[Worker 1] Closed page
[Worker 2] Closed page
[Worker 0] Closed page
  Γ£ÿ   2 [chromium-ui-tests] ΓÇ║ src\tests\ui-tests\contact-module-tests\contact-creation.spec.ts:9:5 ΓÇ║ Verify contact creation as a case manager @Smoke (8.6s)
  Γ£ÿ   3 [chromium-ui-tests] ΓÇ║ src\tests\ui-tests\case-module-tests\case-creation.spec.ts:9:5 ΓÇ║ Verify case creation as a case manager @Smoke (8.6s)
  Γ£ÿ   1 [chromium-ui-tests] ΓÇ║ src\tests\ui-tests\login-module-tests\login.spec.ts:10:5 ΓÇ║ Login as Case Manager and verify successful login @Smoke (8.6s)
[dotenv@17.2.3] injecting env (0) from .env -- tip: ≡ƒöÉ prevent building .env in docker: https://dotenvx.com/prebuild
[dotenv@17.2.3] injecting env (0) from .env -- tip: ≡ƒöÉ encrypt with Dotenvx: https://dotenvx.com
[dotenv@17.2.3] injecting env (0) from .env -- tip: ≡ƒöä add secrets lifecycle management: https://dotenvx.com/ops
(node:13940) NOTE: The AWS SDK for JavaScript (v2) is in maintenance mode.
 SDK releases are limited to address critical bug fixes and security issues only.

Please migrate your code to use AWS SDK for JavaScript (v3).
For more information, check the blog post at https://a.co/cUPnyil
(Use `node --trace-warnings ...` to show where the warning was created)
Fetching Salesforce OAuth credentials...
Fetched Salesforce OAuth credentials from AWS Secrets Manager
Salesforce API client created successfully
Authenticating via Client Credentials Flow...
Auth response (200): {"access_token":"00DgK00000G3Nzl!AQEAQCXFfoq2cApcnT7SMOmitIB48d0XbYona.Mv1XF2qSI.aVsPtK4O9y8XEp7d1Y.CS6xEgvH3ZT7idgb5UKvdysjCCgCz","signature":"/vQps4BRe3vFXcaSrT2qSPjojJn/9Ah2sn5ROXk8TPQ=","scope":"api","instance_url":"https://orgfarm-4a2ccda1cd-dev-ed.develop.my.salesforce.com","id":"https://login.salesforce.com/id/00DgK00000G3NzlUAF/005gK00000So62SQAR","token_type":"Bearer","issued_at":"1765443202977"}
Authentication successful
(node:7216) NOTE: The AWS SDK for JavaScript (v2) is in maintenance mode.
 SDK releases are limited to address critical bug fixes and security issues only.

Please migrate your code to use AWS SDK for JavaScript (v3).
For more information, check the blog post at https://a.co/cUPnyil
(Use `node --trace-warnings ...` to show where the warning was created)
(node:21748) NOTE: The AWS SDK for JavaScript (v2) is in maintenance mode.
 SDK releases are limited to address critical bug fixes and security issues only.

Please migrate your code to use AWS SDK for JavaScript (v3).
For more information, check the blog post at https://a.co/cUPnyil
(Use `node --trace-warnings ...` to show where the warning was created)
[Worker 3] Launched Chromium (headless: true)
[Worker 4] Launched Chromium (headless: true)
[Worker 3] Created persistent context
[Worker 4] Created persistent context
Created Case: 500gK00000Wt5axQAB
  Γ£ô   4 [chromium-api-tests] ΓÇ║ src\tests\api-tests\case-soql.spec.ts:4:5 ΓÇ║ Should create a new case (2.5s)
[Worker 4] Created new page for test
[Worker 4] [TEST START] Login as Case Manager and Re-login as System Admin at 2025-12-11T08:53:22.801Z
Fetching Salesforce OAuth credentials...
[beforeEach] Navigating to https://orgfarm-4a2ccda1cd-dev-ed.develop.lightning.force.com
[Worker 3] Created new page for test
[Worker 3] [TEST START] Login as Accommodations Manager and verify unsuccessful login failure at 2025-12-11T08:53:22.839Z
[beforeEach] Navigating to https://orgfarm-4a2ccda1cd-dev-ed.develop.lightning.force.com
Fetched Salesforce OAuth credentials from AWS Secrets Manager
Salesforce API client created successfully
Authenticating via Client Credentials Flow...
Auth response (200): {"access_token":"00DgK00000G3Nzl!AQEAQCXFfoq2cApcnT7SMOmitIB48d0XbYona.Mv1XF2qSI.aVsPtK4O9y8XEp7d1Y.CS6xEgvH3ZT7idgb5UKvdysjCCgCz","signature":"qimIWH8+Rs/5CgShwTGeivw16RYa7kQujgWSxVLj7qs=","scope":"api","instance_url":"https://orgfarm-4a2ccda1cd-dev-ed.develop.my.salesforce.com","id":"https://login.salesforce.com/id/00DgK00000G3NzlUAF/005gK00000So62SQAR","token_type":"Bearer","issued_at":"1765443204259"}
Authentication successful
[POM-Fixture] Creating LoginPage for worker 4 (test: Login as Case Manager and Re-login as System Admin)
[POM-Fixture] Creating LoginPage for worker 3 (test: Login as Accommodations Manager and verify unsuccessful login failure)
Updated Case: 500gK00000WlsYnQAJ
  Γ£ô   7 [chromium-api-tests] ΓÇ║ src\tests\api-tests\case-soql.spec.ts:16:5 ΓÇ║ Should update an existing case (1.8s)
Fetching Salesforce OAuth credentials...
Fetched Salesforce OAuth credentials from AWS Secrets Manager
Salesforce API client created successfully
Authenticating via Client Credentials Flow...
[Worker 4] [TEST END] Login as Case Manager and Re-login as System Admin - FAILED (2s)
[afterEach] Test failed, capturing screenshot: test-results/failure-Login-as-Case-Manager-and-Re-login-as-System-Admin-1765443205193.png
[Worker 3] [TEST END] Login as Accommodations Manager and verify unsuccessful login failure - FAILED (2s)
[afterEach] Test failed, capturing screenshot: test-results/failure-Login-as-Accommodations-Manager-and-verify-unsuccessful-login-failure-1765443205213.png
Auth response (200): {"access_token":"00DgK00000G3Nzl!AQEAQCXFfoq2cApcnT7SMOmitIB48d0XbYona.Mv1XF2qSI.aVsPtK4O9y8XEp7d1Y.CS6xEgvH3ZT7idgb5UKvdysjCCgCz","signature":"rqIcYkg08VXMUdQMJVU16r897suW2TPRxdjeEIdZTEA=","scope":"api","instance_url":"https://orgfarm-4a2ccda1cd-dev-ed.develop.my.salesforce.com","id":"https://login.salesforce.com/id/00DgK00000G3NzlUAF/005gK00000So62SQAR","token_type":"Bearer","issued_at":"1765443206172"}
Authentication successful
  Γ£ô   8 [chromium-api-tests] ΓÇ║ src\tests\api-tests\contact-soql.spec.ts:12:5 ΓÇ║ Should fetch a contact via SOQL (1.0s)
Fetching Salesforce OAuth credentials...
Fetched Salesforce OAuth credentials from AWS Secrets Manager
Salesforce API client created successfully
Authenticating via Client Credentials Flow...
Auth response (200): {"access_token":"00DgK00000G3Nzl!AQEAQCXFfoq2cApcnT7SMOmitIB48d0XbYona.Mv1XF2qSI.aVsPtK4O9y8XEp7d1Y.CS6xEgvH3ZT7idgb5UKvdysjCCgCz","signature":"+SsTKU/3hq7r5TxmtSYQzrqw+hpAsw/oWRrz65FKyH8=","scope":"api","instance_url":"https://orgfarm-4a2ccda1cd-dev-ed.develop.my.salesforce.com","id":"https://login.salesforce.com/id/00DgK00000G3NzlUAF/005gK00000So62SQAR","token_type":"Bearer","issued_at":"1765443207120"}
Authentication successful
  Γ£ô   9 [chromium-api-tests] ΓÇ║ src\tests\api-tests\contact-soql.spec.ts:22:5 ΓÇ║ Should fetch recent contacts (927ms)
Fetching Salesforce OAuth credentials...
Fetched Salesforce OAuth credentials from AWS Secrets Manager
Salesforce API client created successfully
Authenticating via Client Credentials Flow...
Auth response (200): {"access_token":"00DgK00000G3Nzl!AQEAQCXFfoq2cApcnT7SMOmitIB48d0XbYona.Mv1XF2qSI.aVsPtK4O9y8XEp7d1Y.CS6xEgvH3ZT7idgb5UKvdysjCCgCz","signature":"Qp1V/gaYUAMUhDgTqBZ9O3uT5e3crfVDq3r9eCpSu0o=","scope":"api","instance_url":"https://orgfarm-4a2ccda1cd-dev-ed.develop.my.salesforce.com","id":"https://login.salesforce.com/id/00DgK00000G3NzlUAF/005gK00000So62SQAR","token_type":"Bearer","issued_at":"1765443208053"}
Authentication successful
  Γ£ÿ  10 [chromium-api-tests] ΓÇ║ src\tests\api-tests\contact-soql.spec.ts:29:5 ΓÇ║ Should create a new contact (1.1s)
[dotenv@17.2.3] injecting env (0) from .env -- tip: ≡ƒöÉ prevent committing .env to code: https://dotenvx.com/precommit
(node:10024) NOTE: The AWS SDK for JavaScript (v2) is in maintenance mode.
 SDK releases are limited to address critical bug fixes and security issues only.

Please migrate your code to use AWS SDK for JavaScript (v3).
For more information, check the blog post at https://a.co/cUPnyil
(Use `node --trace-warnings ...` to show where the warning was created)
Fetching Salesforce OAuth credentials...
[Worker 3] Closed page
[Worker 4] Closed page
  Γ£ÿ   5 [chromium-ui-tests] ΓÇ║ src\tests\ui-tests\login-module-tests\login.spec.ts:54:5 ΓÇ║ Login as Accommodations Manager and verify unsuccessful login failure @Regression (7.8s)
  Γ£ÿ   6 [chromium-ui-tests] ΓÇ║ src\tests\ui-tests\login-module-tests\login.spec.ts:29:5 ΓÇ║ Login as Case Manager and Re-login as System Admin @Regression (7.8s)
Fetched Salesforce OAuth credentials from AWS Secrets Manager
Salesforce API client created successfully
Authenticating via Client Credentials Flow...
Auth response (200): {"access_token":"00DgK00000G3Nzl!AQEAQCXFfoq2cApcnT7SMOmitIB48d0XbYona.Mv1XF2qSI.aVsPtK4O9y8XEp7d1Y.CS6xEgvH3ZT7idgb5UKvdysjCCgCz","signature":"vPZtNiMpqpA43G/9u/Y1cuyVituKK7oJ5I7ID+2pmBo=","scope":"api","instance_url":"https://orgfarm-4a2ccda1cd-dev-ed.develop.my.salesforce.com","id":"https://login.salesforce.com/id/00DgK00000G3NzlUAF/005gK00000So62SQAR","token_type":"Bearer","issued_at":"1765443211899"}
Authentication successful
Updated Contact: 003gK00000KRmwIQAT
Updated contact: 003gK00000KRmwIQAT
  Γ£ô  11 [chromium-api-tests] ΓÇ║ src\tests\api-tests\contact-soql.spec.ts:43:5 ΓÇ║ Should update an existing contact (3.1s)


  1) [chromium-ui-tests] ΓÇ║ src\tests\ui-tests\case-module-tests\case-creation.spec.ts:9:5 ΓÇ║ Verify case creation as a case manager @Smoke 

    Error: Failed to fetch user credentials: No users found for dev/case manager

       at ..\utils\aws-utils\AwsSecrets.ts:95

      93 |     };
      94 |   } catch (err) {
    > 95 |     throw new Error(
         |           ^
      96 |       `Failed to fetch user credentials: ${err instanceof Error ? err.message : String(err)}`
      97 |     );
      98 |   }
        at getUserCreds (C:\PLAYWRIGHT-FRAMEWORK-POC\src\utils\aws-utils\AwsSecrets.ts:95:11)
        at LoginPage.login (C:\PLAYWRIGHT-FRAMEWORK-POC\src\pages\LoginPage.ts:46:24)
        at C:\PLAYWRIGHT-FRAMEWORK-POC\src\tests\ui-tests\case-module-tests\case-creation.spec.ts:18:3

    attachment #1: screenshot (image/png) ΓöÇΓöÇΓöÇΓöÇΓöÇΓöÇΓöÇΓöÇΓöÇΓöÇΓöÇΓöÇΓöÇΓöÇΓöÇΓöÇΓöÇΓöÇΓöÇΓöÇΓöÇΓöÇΓöÇΓöÇΓöÇΓöÇΓöÇΓöÇΓöÇΓöÇΓöÇΓöÇΓöÇΓöÇΓöÇΓöÇΓöÇΓöÇΓöÇΓöÇΓöÇΓöÇΓöÇΓöÇΓöÇΓöÇΓöÇΓöÇΓöÇΓöÇΓöÇΓöÇΓöÇΓöÇΓöÇΓöÇΓöÇΓöÇ
    test-results\ui-tests-case-module-tests-a5866--creation-as-a-case-manager-chromium-ui-tests\test-failed-1.png
    ΓöÇΓöÇΓöÇΓöÇΓöÇΓöÇΓöÇΓöÇΓöÇΓöÇΓöÇΓöÇΓöÇΓöÇΓöÇΓöÇΓöÇΓöÇΓöÇΓöÇΓöÇΓöÇΓöÇΓöÇΓöÇΓöÇΓöÇΓöÇΓöÇΓöÇΓöÇΓöÇΓöÇΓöÇΓöÇΓöÇΓöÇΓöÇΓöÇΓöÇΓöÇΓöÇΓöÇΓöÇΓöÇΓöÇΓöÇΓöÇΓöÇΓöÇΓöÇΓöÇΓöÇΓöÇΓöÇΓöÇΓöÇΓöÇΓöÇΓöÇΓöÇΓöÇΓöÇΓöÇΓöÇΓöÇΓöÇΓöÇΓöÇΓöÇΓöÇΓöÇΓöÇΓöÇΓöÇΓöÇΓöÇΓöÇΓöÇΓöÇΓöÇΓöÇΓöÇΓöÇΓöÇΓöÇΓöÇΓöÇΓöÇΓöÇΓöÇΓöÇΓöÇΓöÇΓöÇΓöÇ

  2) [chromium-ui-tests] ΓÇ║ src\tests\ui-tests\contact-module-tests\contact-creation.spec.ts:9:5 ΓÇ║ Verify contact creation as a case manager @Smoke 

    Error: Failed to fetch user credentials: No users found for dev/case manager

       at ..\utils\aws-utils\AwsSecrets.ts:95

      93 |     };
      94 |   } catch (err) {
    > 95 |     throw new Error(
         |           ^
      96 |       `Failed to fetch user credentials: ${err instanceof Error ? err.message : String(err)}`
      97 |     );
      98 |   }
        at getUserCreds (C:\PLAYWRIGHT-FRAMEWORK-POC\src\utils\aws-utils\AwsSecrets.ts:95:11)
        at LoginPage.login (C:\PLAYWRIGHT-FRAMEWORK-POC\src\pages\LoginPage.ts:46:24)
        at C:\PLAYWRIGHT-FRAMEWORK-POC\src\tests\ui-tests\contact-module-tests\contact-creation.spec.ts:18:3

    attachment #1: screenshot (image/png) ΓöÇΓöÇΓöÇΓöÇΓöÇΓöÇΓöÇΓöÇΓöÇΓöÇΓöÇΓöÇΓöÇΓöÇΓöÇΓöÇΓöÇΓöÇΓöÇΓöÇΓöÇΓöÇΓöÇΓöÇΓöÇΓöÇΓöÇΓöÇΓöÇΓöÇΓöÇΓöÇΓöÇΓöÇΓöÇΓöÇΓöÇΓöÇΓöÇΓöÇΓöÇΓöÇΓöÇΓöÇΓöÇΓöÇΓöÇΓöÇΓöÇΓöÇΓöÇΓöÇΓöÇΓöÇΓöÇΓöÇΓöÇΓöÇ
    test-results\ui-tests-contact-module-te-865fd--creation-as-a-case-manager-chromium-ui-tests\test-failed-1.png
    ΓöÇΓöÇΓöÇΓöÇΓöÇΓöÇΓöÇΓöÇΓöÇΓöÇΓöÇΓöÇΓöÇΓöÇΓöÇΓöÇΓöÇΓöÇΓöÇΓöÇΓöÇΓöÇΓöÇΓöÇΓöÇΓöÇΓöÇΓöÇΓöÇΓöÇΓöÇΓöÇΓöÇΓöÇΓöÇΓöÇΓöÇΓöÇΓöÇΓöÇΓöÇΓöÇΓöÇΓöÇΓöÇΓöÇΓöÇΓöÇΓöÇΓöÇΓöÇΓöÇΓöÇΓöÇΓöÇΓöÇΓöÇΓöÇΓöÇΓöÇΓöÇΓöÇΓöÇΓöÇΓöÇΓöÇΓöÇΓöÇΓöÇΓöÇΓöÇΓöÇΓöÇΓöÇΓöÇΓöÇΓöÇΓöÇΓöÇΓöÇΓöÇΓöÇΓöÇΓöÇΓöÇΓöÇΓöÇΓöÇΓöÇΓöÇΓöÇΓöÇΓöÇΓöÇΓöÇΓöÇ

  3) [chromium-ui-tests] ΓÇ║ src\tests\ui-tests\login-module-tests\login.spec.ts:10:5 ΓÇ║ Login as Case Manager and verify successful login @Smoke 

    Error: Failed to fetch user credentials: No users found for dev/case manager

       at ..\utils\aws-utils\AwsSecrets.ts:95

      93 |     };
      94 |   } catch (err) {
    > 95 |     throw new Error(
         |           ^
      96 |       `Failed to fetch user credentials: ${err instanceof Error ? err.message : String(err)}`
      97 |     );
      98 |   }
        at getUserCreds (C:\PLAYWRIGHT-FRAMEWORK-POC\src\utils\aws-utils\AwsSecrets.ts:95:11)
        at LoginPage.login (C:\PLAYWRIGHT-FRAMEWORK-POC\src\pages\LoginPage.ts:46:24)
        at C:\PLAYWRIGHT-FRAMEWORK-POC\src\tests\ui-tests\login-module-tests\login.spec.ts:19:3

    attachment #1: screenshot (image/png) ΓöÇΓöÇΓöÇΓöÇΓöÇΓöÇΓöÇΓöÇΓöÇΓöÇΓöÇΓöÇΓöÇΓöÇΓöÇΓöÇΓöÇΓöÇΓöÇΓöÇΓöÇΓöÇΓöÇΓöÇΓöÇΓöÇΓöÇΓöÇΓöÇΓöÇΓöÇΓöÇΓöÇΓöÇΓöÇΓöÇΓöÇΓöÇΓöÇΓöÇΓöÇΓöÇΓöÇΓöÇΓöÇΓöÇΓöÇΓöÇΓöÇΓöÇΓöÇΓöÇΓöÇΓöÇΓöÇΓöÇΓöÇΓöÇ
    test-results\ui-tests-login-module-test-4bdba-and-verify-successful-login-chromium-ui-tests\test-failed-1.png
    ΓöÇΓöÇΓöÇΓöÇΓöÇΓöÇΓöÇΓöÇΓöÇΓöÇΓöÇΓöÇΓöÇΓöÇΓöÇΓöÇΓöÇΓöÇΓöÇΓöÇΓöÇΓöÇΓöÇΓöÇΓöÇΓöÇΓöÇΓöÇΓöÇΓöÇΓöÇΓöÇΓöÇΓöÇΓöÇΓöÇΓöÇΓöÇΓöÇΓöÇΓöÇΓöÇΓöÇΓöÇΓöÇΓöÇΓöÇΓöÇΓöÇΓöÇΓöÇΓöÇΓöÇΓöÇΓöÇΓöÇΓöÇΓöÇΓöÇΓöÇΓöÇΓöÇΓöÇΓöÇΓöÇΓöÇΓöÇΓöÇΓöÇΓöÇΓöÇΓöÇΓöÇΓöÇΓöÇΓöÇΓöÇΓöÇΓöÇΓöÇΓöÇΓöÇΓöÇΓöÇΓöÇΓöÇΓöÇΓöÇΓöÇΓöÇΓöÇΓöÇΓöÇΓöÇΓöÇΓöÇ

  4) [chromium-ui-tests] ΓÇ║ src\tests\ui-tests\login-module-tests\login.spec.ts:29:5 ΓÇ║ Login as Case Manager and Re-login as System Admin @Regression 

    Error: Failed to fetch user credentials: No users found for dev/case manager

       at ..\utils\aws-utils\AwsSecrets.ts:95

      93 |     };
      94 |   } catch (err) {
    > 95 |     throw new Error(
         |           ^
      96 |       `Failed to fetch user credentials: ${err instanceof Error ? err.message : String(err)}`
      97 |     );
      98 |   }
        at getUserCreds (C:\PLAYWRIGHT-FRAMEWORK-POC\src\utils\aws-utils\AwsSecrets.ts:95:11)
        at LoginPage.login (C:\PLAYWRIGHT-FRAMEWORK-POC\src\pages\LoginPage.ts:46:24)
        at C:\PLAYWRIGHT-FRAMEWORK-POC\src\tests\ui-tests\login-module-tests\login.spec.ts:38:3

    attachment #1: screenshot (image/png) ΓöÇΓöÇΓöÇΓöÇΓöÇΓöÇΓöÇΓöÇΓöÇΓöÇΓöÇΓöÇΓöÇΓöÇΓöÇΓöÇΓöÇΓöÇΓöÇΓöÇΓöÇΓöÇΓöÇΓöÇΓöÇΓöÇΓöÇΓöÇΓöÇΓöÇΓöÇΓöÇΓöÇΓöÇΓöÇΓöÇΓöÇΓöÇΓöÇΓöÇΓöÇΓöÇΓöÇΓöÇΓöÇΓöÇΓöÇΓöÇΓöÇΓöÇΓöÇΓöÇΓöÇΓöÇΓöÇΓöÇΓöÇΓöÇ
    test-results\ui-tests-login-module-test-4c5a9-nd-Re-login-as-System-Admin-chromium-ui-tests\test-failed-1.png
    ΓöÇΓöÇΓöÇΓöÇΓöÇΓöÇΓöÇΓöÇΓöÇΓöÇΓöÇΓöÇΓöÇΓöÇΓöÇΓöÇΓöÇΓöÇΓöÇΓöÇΓöÇΓöÇΓöÇΓöÇΓöÇΓöÇΓöÇΓöÇΓöÇΓöÇΓöÇΓöÇΓöÇΓöÇΓöÇΓöÇΓöÇΓöÇΓöÇΓöÇΓöÇΓöÇΓöÇΓöÇΓöÇΓöÇΓöÇΓöÇΓöÇΓöÇΓöÇΓöÇΓöÇΓöÇΓöÇΓöÇΓöÇΓöÇΓöÇΓöÇΓöÇΓöÇΓöÇΓöÇΓöÇΓöÇΓöÇΓöÇΓöÇΓöÇΓöÇΓöÇΓöÇΓöÇΓöÇΓöÇΓöÇΓöÇΓöÇΓöÇΓöÇΓöÇΓöÇΓöÇΓöÇΓöÇΓöÇΓöÇΓöÇΓöÇΓöÇΓöÇΓöÇΓöÇΓöÇΓöÇ

  5) [chromium-ui-tests] ΓÇ║ src\tests\ui-tests\login-module-tests\login.spec.ts:54:5 ΓÇ║ Login as Accommodations Manager and verify unsuccessful login failure @Regression 

    Error: Failed to fetch user credentials: No users found for dev/accommodations manager

       at ..\utils\aws-utils\AwsSecrets.ts:95

      93 |     };
      94 |   } catch (err) {
    > 95 |     throw new Error(
         |           ^
      96 |       `Failed to fetch user credentials: ${err instanceof Error ? err.message : String(err)}`
      97 |     );
      98 |   }
        at getUserCreds (C:\PLAYWRIGHT-FRAMEWORK-POC\src\utils\aws-utils\AwsSecrets.ts:95:11)
        at LoginPage.login (C:\PLAYWRIGHT-FRAMEWORK-POC\src\pages\LoginPage.ts:46:24)
        at C:\PLAYWRIGHT-FRAMEWORK-POC\src\tests\ui-tests\login-module-tests\login.spec.ts:63:3

    attachment #1: screenshot (image/png) ΓöÇΓöÇΓöÇΓöÇΓöÇΓöÇΓöÇΓöÇΓöÇΓöÇΓöÇΓöÇΓöÇΓöÇΓöÇΓöÇΓöÇΓöÇΓöÇΓöÇΓöÇΓöÇΓöÇΓöÇΓöÇΓöÇΓöÇΓöÇΓöÇΓöÇΓöÇΓöÇΓöÇΓöÇΓöÇΓöÇΓöÇΓöÇΓöÇΓöÇΓöÇΓöÇΓöÇΓöÇΓöÇΓöÇΓöÇΓöÇΓöÇΓöÇΓöÇΓöÇΓöÇΓöÇΓöÇΓöÇΓöÇΓöÇ
    test-results\ui-tests-login-module-test-ba1d6--unsuccessful-login-failure-chromium-ui-tests\test-failed-1.png
    ΓöÇΓöÇΓöÇΓöÇΓöÇΓöÇΓöÇΓöÇΓöÇΓöÇΓöÇΓöÇΓöÇΓöÇΓöÇΓöÇΓöÇΓöÇΓöÇΓöÇΓöÇΓöÇΓöÇΓöÇΓöÇΓöÇΓöÇΓöÇΓöÇΓöÇΓöÇΓöÇΓöÇΓöÇΓöÇΓöÇΓöÇΓöÇΓöÇΓöÇΓöÇΓöÇΓöÇΓöÇΓöÇΓöÇΓöÇΓöÇΓöÇΓöÇΓöÇΓöÇΓöÇΓöÇΓöÇΓöÇΓöÇΓöÇΓöÇΓöÇΓöÇΓöÇΓöÇΓöÇΓöÇΓöÇΓöÇΓöÇΓöÇΓöÇΓöÇΓöÇΓöÇΓöÇΓöÇΓöÇΓöÇΓöÇΓöÇΓöÇΓöÇΓöÇΓöÇΓöÇΓöÇΓöÇΓöÇΓöÇΓöÇΓöÇΓöÇΓöÇΓöÇΓöÇΓöÇΓöÇ

  6) [chromium-api-tests] ΓÇ║ src\tests\api-tests\contact-soql.spec.ts:29:5 ΓÇ║ Should create a new contact 

    Error: Record creation failed: Create failed: [{"duplicateResult":{"allowSave":true,"duplicateRule":"Standard_Contact_Duplicate_Rule","duplicateRuleEntityType":"Contact","errorMessage":"Use one of these records?","matchResults":[{"entityType":"Contact","errors":[],"matchEngine":"FuzzyMatchEngine","matchRecords":[{"additionalInformation":[],"fieldDiffs":[],"matchConfidence":100.0,"record":{"attributes":{"type":"Contact","url":"/services/data/v60.0/sobjects/Contact/003gK00000KRmwIQAT"},"Id":"003gK00000KRmwIQAT"}}],"rule":"Standard_Contact_Match_Rule_v1_1","size":1,"success":true}]},"errorCode":"DUPLICATES_DETECTED","message":"Use one of these records?"}]

       at ..\utils\api-utils\SalesforceApiClient.ts:139

      137 |       return result;
      138 |     } catch (err) {
    > 139 |       throw new Error(`Record creation failed: ${err instanceof Error ? err.message : String(err)}`);
          |             ^
      140 |     }
      141 |   }
      142 |
        at SalesforceApiClient.createRecord (C:\PLAYWRIGHT-FRAMEWORK-POC\src\utils\api-utils\SalesforceApiClient.ts:139:13)
        at C:\PLAYWRIGHT-FRAMEWORK-POC\src\tests\api-tests\contact-soql.spec.ts:37:18

  6 failed
    [chromium-ui-tests] ΓÇ║ src\tests\ui-tests\case-module-tests\case-creation.spec.ts:9:5 ΓÇ║ Verify case creation as a case manager @Smoke 
    [chromium-ui-tests] ΓÇ║ src\tests\ui-tests\contact-module-tests\contact-creation.spec.ts:9:5 ΓÇ║ Verify contact creation as a case manager @Smoke 
    [chromium-ui-tests] ΓÇ║ src\tests\ui-tests\login-module-tests\login.spec.ts:10:5 ΓÇ║ Login as Case Manager and verify successful login @Smoke 
    [chromium-ui-tests] ΓÇ║ src\tests\ui-tests\login-module-tests\login.spec.ts:29:5 ΓÇ║ Login as Case Manager and Re-login as System Admin @Regression 
    [chromium-ui-tests] ΓÇ║ src\tests\ui-tests\login-module-tests\login.spec.ts:54:5 ΓÇ║ Login as Accommodations Manager and verify unsuccessful login failure @Regression 
    [chromium-api-tests] ΓÇ║ src\tests\api-tests\contact-soql.spec.ts:29:5 ΓÇ║ Should create a new contact 
  5 passed (30.7s)
